templated manifests should match snapshot:
  1: |
    apiVersion: rbac.authorization.k8s.io/v1
    kind: ClusterRole
    metadata:
      labels:
        app.kubernetes.io/instance: RELEASE-NAME
        app.kubernetes.io/managed-by: Helm
        app.kubernetes.io/name: cluster-api-addon-provider
        app.kubernetes.io/version: main
        helm.sh/chart: cluster-api-addon-provider-0.1.0
      name: RELEASE-NAME-cluster-api-addon-provider
    rules:
      - apiGroups:
          - apiextensions.k8s.io
        resources:
          - customresourcedefinitions
        verbs:
          - list
          - get
          - watch
          - create
      - apiGroups:
          - apiextensions.k8s.io
        resourceNames:
          - helmreleases.addons.stackhpc.com
          - manifests.addons.stackhpc.com
        resources:
          - customresourcedefinitions
        verbs:
          - update
          - patch
      - apiGroups:
          - ""
        resources:
          - namespaces
        verbs:
          - list
          - watch
      - apiGroups:
          - ""
          - events.k8s.io
        resources:
          - events
        verbs:
          - create
      - apiGroups:
          - addons.stackhpc.com
        resources:
          - '*'
        verbs:
          - '*'
      - apiGroups:
          - cluster.x-k8s.io
        resources:
          - clusters
        verbs:
          - list
          - watch
          - get
      - apiGroups:
          - infrastructure.cluster.x-k8s.io
        resources:
          - '*'
        verbs:
          - list
          - watch
          - get
      - apiGroups:
          - ""
        resources:
          - configmaps
          - secrets
        verbs:
          - list
          - watch
          - get
          - patch
  2: |
    apiVersion: rbac.authorization.k8s.io/v1
    kind: ClusterRoleBinding
    metadata:
      labels:
        app.kubernetes.io/instance: RELEASE-NAME
        app.kubernetes.io/managed-by: Helm
        app.kubernetes.io/name: cluster-api-addon-provider
        app.kubernetes.io/version: main
        helm.sh/chart: cluster-api-addon-provider-0.1.0
      name: RELEASE-NAME-cluster-api-addon-provider
    roleRef:
      apiGroup: rbac.authorization.k8s.io
      kind: ClusterRole
      name: RELEASE-NAME-cluster-api-addon-provider
    subjects:
      - kind: ServiceAccount
        name: RELEASE-NAME-cluster-api-addon-provider
        namespace: NAMESPACE
  3: |
    apiVersion: v1
    data:
      config.yaml: |
        !include "/etc/capi-addon-provider/defaults.yaml,/etc/capi-addon-provider/user-config.yaml"
      defaults.yaml: |
        easykubeFieldManager: RELEASE-NAME-cluster-api-addon-provider
      user-config.yaml: |
        {}
    kind: ConfigMap
    metadata:
      labels:
        app.kubernetes.io/instance: RELEASE-NAME
        app.kubernetes.io/managed-by: Helm
        app.kubernetes.io/name: cluster-api-addon-provider
        app.kubernetes.io/version: main
        helm.sh/chart: cluster-api-addon-provider-0.1.0
      name: RELEASE-NAME-cluster-api-addon-provider
  4: |
    apiVersion: apps/v1
    kind: Deployment
    metadata:
      labels:
        app.kubernetes.io/instance: RELEASE-NAME
        app.kubernetes.io/managed-by: Helm
        app.kubernetes.io/name: cluster-api-addon-provider
        app.kubernetes.io/version: main
        helm.sh/chart: cluster-api-addon-provider-0.1.0
      name: RELEASE-NAME-cluster-api-addon-provider
    spec:
      replicas: 1
      selector:
        matchLabels:
          app.kubernetes.io/instance: RELEASE-NAME
          app.kubernetes.io/name: cluster-api-addon-provider
      strategy:
        type: Recreate
      template:
        metadata:
          annotations:
            addons.stackhpc.com/config-hash: ae07aeabb7cd21042b32369ecbc49a27c81ef80948939f1676d4ac9530ab60e4
          labels:
            app.kubernetes.io/instance: RELEASE-NAME
            app.kubernetes.io/name: cluster-api-addon-provider
        spec:
          containers:
            - image: ghcr.io/azimuth-cloud/cluster-api-addon-provider:main
              imagePullPolicy: IfNotPresent
              name: cluster-api-addon-provider
              resources: {}
              securityContext:
                allowPrivilegeEscalation: false
                capabilities:
                  drop:
                    - ALL
                readOnlyRootFilesystem: true
              volumeMounts:
                - mountPath: /etc/capi-addon-provider
                  name: etc-capi-addon-provider
                  readOnly: true
                - mountPath: /tmp
                  name: tmp
          securityContext:
            runAsNonRoot: true
          serviceAccountName: RELEASE-NAME-cluster-api-addon-provider
          volumes:
            - configMap:
                name: RELEASE-NAME-cluster-api-addon-provider
              name: etc-capi-addon-provider
            - emptyDir: {}
              name: tmp
  5: |
    apiVersion: v1
    kind: ServiceAccount
    metadata:
      labels:
        app.kubernetes.io/instance: RELEASE-NAME
        app.kubernetes.io/managed-by: Helm
        app.kubernetes.io/name: cluster-api-addon-provider
        app.kubernetes.io/version: main
        helm.sh/chart: cluster-api-addon-provider-0.1.0
      name: RELEASE-NAME-cluster-api-addon-provider
